if: OK
ifset: OK
OK
for: 012
ifcontent: OK
<p>world</p>
