<a href="testing-url">test</a>
testing-url
testing-url
bar
<strong>Homepage</strong>
Test